// Jest Snapshot v1, https://goo.gl/fbAQLP

exports[`Header Right Home Component Renders correctly 1`] = `
<View
  accessibilityLabel="Global.Home"
  accessible={true}
  collapsable={false}
  focusable={true}
  hitSlop={
    Object {
      "bottom": 44,
      "left": 44,
      "right": 44,
      "top": 44,
    }
  }
  nativeID="animatedComponent"
  onClick={[Function]}
  onResponderGrant={[Function]}
  onResponderMove={[Function]}
  onResponderRelease={[Function]}
  onResponderTerminate={[Function]}
  onResponderTerminationRequest={[Function]}
  onStartShouldSetResponder={[Function]}
  style={
    Object {
      "opacity": 1,
    }
  }
  testID="com.ariesbifold:id/HomeButton"
>
  <View
    style={
      Object {
        "alignItems": "center",
        "flexDirection": "row",
        "marginLeft": 0,
        "marginRight": 15,
        "minHeight": 26,
        "minWidth": 26,
      }
    }
  >
    <Text
      allowFontScaling={false}
      style={
        Array [
          Object {
            "color": "#FFFFFF",
            "fontSize": 26,
          },
          undefined,
          Object {
            "fontFamily": "Material Design Icons",
            "fontStyle": "normal",
            "fontWeight": "normal",
          },
          Object {},
        ]
      }
    >
      ó°‹œ
    </Text>
  </View>
</View>
`;
